// Jest Snapshot v1, https://goo.gl/fbAQLP

exports[`PlayerHandScreen snapshot matches 1`] = `
.c2 {
  display: block;
  border: 2px solid var(--primary-text-color);
  font-size: 12px;
  font-weight: bold;
  padding: 0.7em;
  background: var(--secondary-background-color);
  color: var(--secondary-text-color);
}

.c2:hover,
.c2:active,
.c2:focus {
  background: var(--accent-background-color);
  cursor: pointer;
}

.c3 {
  display: block;
  border: 2px solid var(--primary-text-color);
  font-size: 12px;
  font-weight: bold;
  padding: 0.7em;
  background: var(--secondary-background-color);
  color: var(--secondary-text-color);
  background: var(--primary-background-color);
  color: var(--primary-text-color);
}

.c3:hover,
.c3:active,
.c3:focus {
  background: var(--accent-background-color);
  cursor: pointer;
}

.c0 {
  position: absolute;
  top: 0;
  right: 0;
  bottom: 0;
  left: 0;
  height: 100%;
  display: -webkit-box;
  display: -webkit-flex;
  display: -ms-flexbox;
  display: flex;
  -webkit-flex-direction: column;
  -ms-flex-direction: column;
  flex-direction: column;
}

.c0 .card-container {
  display: -webkit-box;
  display: -webkit-flex;
  display: -ms-flexbox;
  display: flex;
  max-width: 100%;
  margin: auto 0 auto 0;
  overflow: auto;
  padding-left: 20px;
}

.c0 .card-container > * {
  margin-right: 20px;
  -webkit-flex-shrink: 0;
  -ms-flex-negative: 0;
  flex-shrink: 0;
}

.c1 {
  width: 100%;
  min-height: 85px;
  background-color: var(--secondary-background-color);
  color: var(--secondary-text-color);
  display: -webkit-box;
  display: -webkit-flex;
  display: -ms-flexbox;
  display: flex;
  -webkit-box-pack: justify;
  -webkit-justify-content: space-between;
  -ms-flex-pack: justify;
  justify-content: space-between;
}

.c1 .header-txt {
  margin: 10px 25px -6px -2px;
  line-height: 200%;
  -webkit-align-self: flex-end;
  -ms-flex-item-align: end;
  align-self: flex-end;
  font-size: 18px;
}

.c1 h1 span {
  display: block;
}

.c1 .button-container {
  display: -webkit-box;
  display: -webkit-flex;
  display: -ms-flexbox;
  display: flex;
  -webkit-flex-direction: row;
  -ms-flex-direction: row;
  flex-direction: row;
  -webkit-align-items: center;
  -webkit-box-align: center;
  -ms-flex-align: center;
  align-items: center;
}

.c1 .button {
  text-align: center;
  padding: 0 10px 0 10px;
  height: 30px;
  width: 90px;
  margin-right: 15px;
  border: none;
}

.c5 {
  position: relative;
  border: 1px solid var(--primary-text-color);
  width: 148px;
  height: 206px;
  background-color: var(--primary-background-color);
  color: var(--primary-text-color);
  border-radius: 7px;
  font-weight: 500;
  font-size: 18px;
  overflow-wrap: break-word;
  line-height: 21px;
  padding: 17px 15px 0 15px;
  box-shadow: 0px 4px 12px rgba(0,0,0,0.25);
}

.c5 .whiteCardText {
  max-height: 150px;
  padding-right: 0;
  overflow-y: auto;
}

.c5 .whiteCardText div {
  padding-bottom: 20px;
}

.c5 .stackedCards {
  position: absolute;
  bottom: 7px;
  left: 11px;
  width: 32px;
}

.c5 .backOfCard {
  font-weight: 600;
}

.c4 {
  background: none;
  border: none;
  text-align: left;
  position: relative;
  display: -webkit-box;
  display: -webkit-flex;
  display: -ms-flexbox;
  display: flex;
  -webkit-flex-direction: row;
  -ms-flex-direction: row;
  flex-direction: row;
  -webkit-box-pack: start;
  -webkit-justify-content: start;
  -ms-flex-pack: start;
  justify-content: start;
  -webkit-align-items: start;
  -webkit-box-align: start;
  -ms-flex-align: start;
  align-items: start;
  padding: 16px 0px;
  border-bottom: 5px solid;
  border-bottom-color: transparent;
}

.c4 .badge {
  z-index: 10;
  display: -webkit-box;
  display: -webkit-flex;
  display: -ms-flexbox;
  display: flex;
  -webkit-align-items: center;
  -webkit-box-align: center;
  -ms-flex-align: center;
  align-items: center;
  -webkit-box-pack: center;
  -webkit-justify-content: center;
  -ms-flex-pack: center;
  justify-content: center;
  position: absolute;
  height: 27px;
  width: 27px;
  right: -10px;
  top: 5px;
  border-radius: 50%;
  font-size: 16px;
  background-color: var(--secondary-background-color);
  color: var(--secondary-text-color);
  font-weight: 600;
}

@media (min-height:640px) and (min-width:600px) {
  .c0 .card-container {
    -webkit-flex-wrap: wrap;
    -ms-flex-wrap: wrap;
    flex-wrap: wrap;
    -webkit-box-pack: center;
    -webkit-justify-content: center;
    -ms-flex-pack: center;
    justify-content: center;
    padding-top: 40px;
  }

  .c0 .card-container > * {
    margin-bottom: 40px;
  }
}

@media (min-height:640px) and (min-width:600px) {
  .c1 {
    min-height: 100px;
  }

  .c1 .header-txt {
    margin: 26px 70px -7px -2px;
    font-size: 1.3rem;
  }

  .c1 .button-container {
    margin-right: 40px;
  }
}

@media (max-width:396px) {
  .c1 .header-txt {
    margin: 10px;
    margin-left: 0;
    font-size: 12px;
    margin-bottom: -4px;
  }
}

@media (min-width:397px) and (max-width:500px) {
  .c1 .header-txt {
    margin: 10px;
    margin-left: 0;
    font-size: 18px;
    margin-bottom: -7px;
  }
}

@media (min-width:1025px) {
  .c5 {
    width: 267px;
    height: 363px;
    font-size: 36px;
    line-height: 42px;
    padding: 30px 27px 0 27px;
  }

  .c5 .whiteCardText {
    max-height: 280px;
    padding-right: 0;
  }

  .c5 .stackedCards {
    width: auto;
  }
}

@media (min-width:1025px) {
  .c4 .badge {
    top: 0;
    right: -15px;
    height: 40px;
    width: 40px;
    font-size: 30px;
  }
}

<div
  className="c0"
>
  <header
    className="c1 header-container"
  >
    <div
      className="header-txt"
    >
      <h1>
        PLAYER,
        <span>
          SUBMIT undefined CARDS
        </span>
      </h1>
    </div>
    <section
      className="button-container"
    >
      <button
        className="c2 button"
        data-testid="submit"
        disabled={true}
        onClick={[Function]}
      >
        0/undefined SELECTED
      </button>
      <button
        className="c3 button"
        onClick={[Function]}
      >
        CLEAR
      </button>
    </section>
  </header>
  <div
    className="card-container"
  >
    <button
      className="c4"
      data-testid="card-wrapper"
      onClick={[Function]}
    >
      <div
        className="c5"
        data-testid="white-card"
      >
        <div
          className="whiteCardText"
        >
          <div>
            Card One
          </div>
        </div>
        <div
          className="stackedCards"
          data-testid="stacked-cards"
        >
          <img
            alt="stacked cards"
            src="cards-stack-offset-light-icon.svg"
          />
        </div>
      </div>
    </button>
    <button
      className="c4"
      data-testid="card-wrapper"
      onClick={[Function]}
    >
      <div
        className="c5"
        data-testid="white-card"
      >
        <div
          className="whiteCardText"
        >
          <div>
            Card Two
          </div>
        </div>
        <div
          className="stackedCards"
          data-testid="stacked-cards"
        >
          <img
            alt="stacked cards"
            src="cards-stack-offset-light-icon.svg"
          />
        </div>
      </div>
    </button>
    <button
      className="c4"
      data-testid="card-wrapper"
      onClick={[Function]}
    >
      <div
        className="c5"
        data-testid="white-card"
      >
        <div
          className="whiteCardText"
        >
          <div>
            Card Three
          </div>
        </div>
        <div
          className="stackedCards"
          data-testid="stacked-cards"
        >
          <img
            alt="stacked cards"
            src="cards-stack-offset-light-icon.svg"
          />
        </div>
      </div>
    </button>
    <button
      className="c4"
      data-testid="card-wrapper"
      onClick={[Function]}
    >
      <div
        className="c5"
        data-testid="white-card"
      >
        <div
          className="whiteCardText"
        >
          <div>
            Card Four
          </div>
        </div>
        <div
          className="stackedCards"
          data-testid="stacked-cards"
        >
          <img
            alt="stacked cards"
            src="cards-stack-offset-light-icon.svg"
          />
        </div>
      </div>
    </button>
    <button
      className="c4"
      data-testid="card-wrapper"
      onClick={[Function]}
    >
      <div
        className="c5"
        data-testid="white-card"
      >
        <div
          className="whiteCardText"
        >
          <div>
            Card Five
          </div>
        </div>
        <div
          className="stackedCards"
          data-testid="stacked-cards"
        >
          <img
            alt="stacked cards"
            src="cards-stack-offset-light-icon.svg"
          />
        </div>
      </div>
    </button>
    <button
      className="c4"
      data-testid="card-wrapper"
      onClick={[Function]}
    >
      <div
        className="c5"
        data-testid="white-card"
      >
        <div
          className="whiteCardText"
        >
          <div>
            Card Six
          </div>
        </div>
        <div
          className="stackedCards"
          data-testid="stacked-cards"
        >
          <img
            alt="stacked cards"
            src="cards-stack-offset-light-icon.svg"
          />
        </div>
      </div>
    </button>
    <button
      className="c4"
      data-testid="card-wrapper"
      onClick={[Function]}
    >
      <div
        className="c5"
        data-testid="white-card"
      >
        <div
          className="whiteCardText"
        >
          <div>
            Card Seven
          </div>
        </div>
        <div
          className="stackedCards"
          data-testid="stacked-cards"
        >
          <img
            alt="stacked cards"
            src="cards-stack-offset-light-icon.svg"
          />
        </div>
      </div>
    </button>
    <button
      className="c4"
      data-testid="card-wrapper"
      onClick={[Function]}
    >
      <div
        className="c5"
        data-testid="white-card"
      >
        <div
          className="whiteCardText"
        >
          <div>
            Card Eight
          </div>
        </div>
        <div
          className="stackedCards"
          data-testid="stacked-cards"
        >
          <img
            alt="stacked cards"
            src="cards-stack-offset-light-icon.svg"
          />
        </div>
      </div>
    </button>
    <button
      className="c4"
      data-testid="card-wrapper"
      onClick={[Function]}
    >
      <div
        className="c5"
        data-testid="white-card"
      >
        <div
          className="whiteCardText"
        >
          <div>
            Card Nine
          </div>
        </div>
        <div
          className="stackedCards"
          data-testid="stacked-cards"
        >
          <img
            alt="stacked cards"
            src="cards-stack-offset-light-icon.svg"
          />
        </div>
      </div>
    </button>
    <button
      className="c4"
      data-testid="card-wrapper"
      onClick={[Function]}
    >
      <div
        className="c5"
        data-testid="white-card"
      >
        <div
          className="whiteCardText"
        >
          <div>
            Card Ten
          </div>
        </div>
        <div
          className="stackedCards"
          data-testid="stacked-cards"
        >
          <img
            alt="stacked cards"
            src="cards-stack-offset-light-icon.svg"
          />
        </div>
      </div>
    </button>
  </div>
</div>
`;
