// Jest Snapshot v1, https://goo.gl/fbAQLP

exports[`Host Pregame Screen rendering renders 1`] = `
.c5 {
  display: block;
  border: 2px solid var(--primary-text-color);
  font-size: 12px;
  font-weight: bold;
  padding: 0.7em;
  background: var(--secondary-background-color);
  color: var(--secondary-text-color);
}

.c5:hover,
.c5:active,
.c5:focus {
  background: var(--accent-background-color);
  cursor: pointer;
}

.c1 {
  background-image: url(inactiveHamburger.svg);
  background-size: cover;
  background-color: transparent;
  border: 0;
  width: 25px;
  height: 25px;
  cursor: pointer;
}

.c0 {
  position: absolute;
  top: 0;
  right: 0;
  bottom: 0;
  left: 0;
  height: 100%;
  display: -webkit-box;
  display: -webkit-flex;
  display: -ms-flexbox;
  display: flex;
  -webkit-flex-direction: column;
  -ms-flex-direction: column;
  flex-direction: column;
}

.c0 .hamburger-container {
  position: absolute;
  right: 17px;
  top: 11px;
  z-index: 10100;
}

.c0 .host-layout-header {
  display: -webkit-box;
  display: -webkit-flex;
  display: -ms-flexbox;
  display: flex;
  -webkit-align-items: flex-end;
  -webkit-box-align: flex-end;
  -ms-flex-align: flex-end;
  align-items: flex-end;
  height: 50px;
}

.c0 .host-layout-header h2 {
  position: relative;
  bottom: -1px;
  font-size: 1rem;
  line-height: 0.8rem;
}

.c0 .components {
  display: -webkit-box;
  display: -webkit-flex;
  display: -ms-flexbox;
  display: flex;
  height: 100%;
}

.c0 .components .left {
  position: relative;
  display: -webkit-box;
  display: -webkit-flex;
  display: -ms-flexbox;
  display: flex;
  -webkit-flex-direction: column;
  -ms-flex-direction: column;
  flex-direction: column;
  min-width: 200px;
  background-color: var(--primary-background-color);
  box-shadow: 0px 4px 12px rgba(0,0,0,0.25);
}

.c0 .components .right {
  display: -webkit-box;
  display: -webkit-flex;
  display: -ms-flexbox;
  display: flex;
  -webkit-box-flex: 1;
  -webkit-flex-grow: 1;
  -ms-flex-positive: 1;
  flex-grow: 1;
  position: relative;
  min-width: 440px;
}

.c2 {
  width: 100%;
  background-color: var(--secondary-background-color);
  color: var(--secondary-text-color);
}

.c4 {
  display: -webkit-box;
  display: -webkit-flex;
  display: -ms-flexbox;
  display: flex;
  -webkit-flex-direction: column;
  -ms-flex-direction: column;
  flex-direction: column;
  width: 486px;
  padding: 40px;
  background-color: var(--primary-background-color);
  position: relative;
}

.c4 > div:not(:last-child) {
  margin-bottom: 24px;
}

.c7 .loading {
  display: inline-block;
  position: relative;
  width: 80px;
  height: 80px;
}

.c7 .loading div {
  display: inline-block;
  position: absolute;
  left: 8px;
  width: 16px;
  background: var(--primary-background-color);
  -webkit-animation: loading 1.2s cubic-bezier(0,0.5,0.5,1) infinite;
  animation: loading 1.2s cubic-bezier(0,0.5,0.5,1) infinite;
}

.c7 .loading div:nth-child(1) {
  left: 8px;
  -webkit-animation-delay: -0.24s;
  animation-delay: -0.24s;
}

.c7 .loading div:nth-child(2) {
  left: 32px;
  -webkit-animation-delay: -0.12s;
  animation-delay: -0.12s;
}

.c7 .loading div:nth-child(3) {
  left: 56px;
  -webkit-animation-delay: 0;
  animation-delay: 0;
}

.c6 {
  display: -webkit-box;
  display: -webkit-flex;
  display: -ms-flexbox;
  display: flex;
  -webkit-flex-direction: column;
  -ms-flex-direction: column;
  flex-direction: column;
  line-height: 29px;
}

.c6 .join-code-title {
  font-size: 18px;
  color: var(--primary-text-color);
  background-color: var(--primary-background-color);
  font-weight: 700;
  width: 97px;
  height: 21px;
}

.c6 .join-code {
  display: -webkit-box;
  display: -webkit-flex;
  display: -ms-flexbox;
  display: flex;
  -webkit-align-items: center;
  -webkit-box-align: center;
  -ms-flex-align: center;
  align-items: center;
  -webkit-box-pack: center;
  -webkit-justify-content: center;
  -ms-flex-pack: center;
  justify-content: center;
  font-size: 56px;
  font-weight: bold;
  color: var(--secondary-text-color);
  background-color: var(--secondary-background-color);
  width: 305px;
  height: 70px;
}

.c10 {
  display: -webkit-box;
  display: -webkit-flex;
  display: -ms-flexbox;
  display: flex;
  -webkit-box-pack: center;
  -webkit-justify-content: center;
  -ms-flex-pack: center;
  justify-content: center;
  position: absolute;
  bottom: 8px;
  left: 0;
  right: 0;
}

.c10 .positionButton {
  border: none;
  background-color: transparent;
  cursor: pointer;
}

.c9 {
  display: -webkit-box;
  display: -webkit-flex;
  display: -ms-flexbox;
  display: flex;
  position: absolute;
  top: 0;
  bottom: 0;
  left: 4px;
  right: 4px;
  -webkit-flex-direction: column;
  -ms-flex-direction: column;
  flex-direction: column;
  -webkit-box-pack: justify;
  -webkit-justify-content: space-between;
  -ms-flex-pack: justify;
  justify-content: space-between;
  background-color: var(--primary-background-color);
  padding: 8px 42px 8px 8px;
  border-radius: 5px;
  font-size: 1.8rem;
  font-weight: 700;
  box-shadow: 0px 4px 12px rgba(0,0,0,0.25);
}

.c9 h2 {
  line-height: 2.4rem;
  font-size: 2rem;
}

.c9 h3 {
  font-size: 1.2rem;
  line-height: 1.2rem;
}

.c9 p {
  margin: 8px;
  font-size: 1.1rem;
}

.c9 ol {
  margin: 8px;
  line-height: 1.3rem;
}

.c9 li {
  margin: 0;
  font-size: 1rem;
  line-height: 1.3rem;
}

.c9 .howToWin {
  display: -webkit-box;
  display: -webkit-flex;
  display: -ms-flexbox;
  display: flex;
  -webkit-flex-direction: row;
  -ms-flex-direction: row;
  flex-direction: row;
  -webkit-box-pack: center;
  -webkit-justify-content: center;
  -ms-flex-pack: center;
  justify-content: center;
  margin: 20px 0;
}

.c9 .snarkyText {
  font-size: 0.6rem;
  margin: 0 2px;
  padding: 0;
}

.c3 {
  display: -webkit-box;
  display: -webkit-flex;
  display: -ms-flexbox;
  display: flex;
  -webkit-flex-direction: column;
  -ms-flex-direction: column;
  flex-direction: column;
  height: 100%;
}

.c3 .player-list-wrapper {
  overflow-x: auto;
  border-bottom: 1px solid var(--primary-text-color);
  -webkit-box-flex: 1;
  -webkit-flex-grow: 1;
  -ms-flex-positive: 1;
  flex-grow: 1;
}

.c3 .buttons-wrapper {
  display: block;
  margin-bottom: 20px;
}

.c3 .bottom-left-wrapper {
  margin: 20px auto 32px;
  position: relative;
  bottom: 0;
  left: 0;
  right: 0;
}

.c3 .join-code-wrapper {
  display: -webkit-box;
  display: -webkit-flex;
  display: -ms-flexbox;
  display: flex;
  -webkit-box-pack: center;
  -webkit-justify-content: center;
  -ms-flex-pack: center;
  justify-content: center;
}

.c3 .host-pregame-button {
  padding: 0;
  background-color: var(--primary-background-color);
  color: var(--primary-text-color);
  margin: auto auto 12px;
}

.c3 .start-carousing {
  font-size: 0.875rem;
  padding: 16px 34px;
}

.c3 .close-game {
  font-size: 0.625rem;
  padding: 8px 20px;
}

.c8 {
  display: -webkit-box;
  display: -webkit-flex;
  display: -ms-flexbox;
  display: flex;
  -webkit-flex-direction: column;
  -ms-flex-direction: column;
  flex-direction: column;
  position: absolute;
  top: 0;
  bottom: 0;
  right: 0;
  left: 0;
}

.c8 .top {
  position: relative;
  display: -webkit-box;
  display: -webkit-flex;
  display: -ms-flexbox;
  display: flex;
  -webkit-box-pack: center;
  -webkit-justify-content: center;
  -ms-flex-pack: center;
  justify-content: center;
  height: 60%;
  overflow-y: auto;
}

.c8 .bottom {
  height: 40%;
}

@media (min-width:680px) {
  .c0 .host-layout-header {
    height: 130px;
  }

  .c0 .components .left {
    min-width: 420px;
  }

  .c0 .components .host-layout-header h2 {
    font-size: 2.5rem;
    margin-bottom: -4px;
    line-height: 2rem;
  }
}

@media (min-width:1600px) {
  .c0 .components .left {
    min-width: 700px;
  }

  .c0 .components .host-layout-header h2 {
    font-size: 3.5rem;
    margin-bottom: -35px;
    line-height: 7rem;
  }
}

@media (min-width:3200px) {
  .c0 .host-layout-header {
    height: 200px;
  }

  .c0 .components .left {
    min-width: 1100px;
  }

  .c0 .components .host-layout-header h2 {
    font-size: 6rem;
    margin-bottom: -25px;
    line-height: 7rem;
  }
}

@media (min-width:1600px) {
  .c10 .positionButton {
    margin: 0 4px;
  }

  .c10 img {
    height: 72px;
  }
}

@media (min-width:1100px) {
  .c9 {
    left: 8px;
    right: 8px;
    -webkit-align-self: center;
    -ms-flex-item-align: center;
    align-self: center;
  }

  .c9 ol,
  .c9 li {
    line-height: 1.7rem;
  }
}

@media (min-width:1600px) {
  .c9 h2 {
    font-size: 3.2rem;
    line-height: 3.2rem;
  }

  .c9 h3 {
    font-size: 2.5rem;
    line-height: 2.3rem;
  }

  .c9 p {
    margin: 14px;
  }

  .c9 p,
  .c9 li {
    font-size: 1.7rem;
  }

  .c9 ol,
  .c9 li {
    line-height: 2rem;
    margin: 12px;
  }

  .c9 .snarkyText {
    font-size: 1rem;
    margin: 0 4px;
    padding: 0;
  }
}

@media (min-width:3200px) {
  .c9 h2 {
    font-size: 4rem;
    line-height: 4.4rem;
  }

  .c9 h3 {
    font-size: 3rem;
    line-height: 3rem;
  }

  .c9 p {
    margin: 20px;
    font-size: 2rem;
  }

  .c9 ol {
    margin: 40px;
  }

  .c9 li {
    margin: 10px;
    font-size: 2rem;
  }

  .c9 .howToWin {
    display: -webkit-box;
    display: -webkit-flex;
    display: -ms-flexbox;
    display: flex;
    -webkit-flex-direction: row;
    -ms-flex-direction: row;
    flex-direction: row;
    -webkit-box-pack: center;
    -webkit-justify-content: center;
    -ms-flex-pack: center;
    justify-content: center;
    margin: 20px 0;
  }

  .c9 .snarkyText {
    font-size: 1.5rem;
    margin: 0;
    padding: 0;
  }
}

<div
  className="c0 primary-background"
>
  <div
    className="hamburger-container"
  >
    <button
      className="c1"
      onClick={[Function]}
    />
  </div>
  <div
    className="components"
  >
    <div
      className="left"
    >
      <header
        className="c2 host-layout-header"
      >
        <h2>
          CARDS OF CAROUSAL
        </h2>
      </header>
      <div
        className="c3"
      >
        <div
          className="player-list-wrapper"
        >
          <div
            className="c4"
            data-testid="playerList-container"
          />
        </div>
        <div
          className="bottom-left-wrapper"
        >
          <div
            className="buttons-wrapper"
          >
            <button
              className="c5 host-pregame-button"
              onClick={[Function]}
            >
              <div
                className="start-carousing"
              >
                START CAROUSING
              </div>
            </button>
            <button
              className="c5 host-pregame-button"
              onClick={[Function]}
            >
              <div
                className="close-game"
              >
                CLOSE GAME
              </div>
            </button>
          </div>
          <div
            className="join-code-wrapper"
          >
            <div
              className="c6"
            >
              <p
                className="join-code-title"
              >
                JOIN CODE:
              </p>
              <div
                className="join-code"
                data-testid="join-code"
              >
                <div
                  className="c7"
                  color={1}
                  data-testid="loader"
                >
                  <div
                    className="loading"
                  >
                    <div />
                    <div />
                    <div />
                  </div>
                </div>
              </div>
            </div>
          </div>
        </div>
      </div>
    </div>
    <div
      className="right"
    >
      <div
        className="c8"
      >
        <div
          className="top"
        >
          <div
            className="c9"
          >
            <div>
              <h2>
                Welcome! ¡Bienvenidos! Добро пожаловать!
              </h2>
              <p>
                Cards of Carousal is your grandma's favorite online card game!
              </p>
              <p>
                Imagine if your indecency and crude taste in jokes was an advantage in life. It isn't, but in Cards of Carousal it can be!
              </p>
              <p>
                Long and short of this deal; one person (the Czar of the round) reads the black card on this screen. Everyone else submits a white card trying to be the Czar's favorite jester. More directions on the following pages if you're still confused.
              </p>
              <div
                className="c10"
              >
                <button
                  className="positionButton"
                  onClick={[Function]}
                  type="button"
                >
                  <img
                    alt="active position indicator"
                    src="blackCard.svg"
                  />
                </button>
                <button
                  className="positionButton"
                  onClick={[Function]}
                  type="button"
                >
                  <img
                    alt="inactive position indicator"
                    src="whiteCard.svg"
                  />
                </button>
                <button
                  className="positionButton"
                  onClick={[Function]}
                  type="button"
                >
                  <img
                    alt="inactive position indicator"
                    src="whiteCard.svg"
                  />
                </button>
                <button
                  className="positionButton"
                  onClick={[Function]}
                  type="button"
                >
                  <img
                    alt="inactive position indicator"
                    src="whiteCard.svg"
                  />
                </button>
              </div>
            </div>
          </div>
        </div>
        <div
          className="bottom"
        >
          <div
            data-testid="game-settings"
          />
        </div>
      </div>
    </div>
  </div>
</div>
`;
