// Jest Snapshot v1, https://goo.gl/fbAQLP

exports[`Host Black Card Screen rendering renders 1`] = `
.c1 {
  background-image: url(inactiveHamburger.svg);
  background-size: cover;
  background-color: transparent;
  border: 0;
  width: 25px;
  height: 25px;
  cursor: pointer;
}

.c0 {
  position: absolute;
  top: 0;
  right: 0;
  bottom: 0;
  left: 0;
  height: 100%;
  display: -webkit-box;
  display: -webkit-flex;
  display: -ms-flexbox;
  display: flex;
  -webkit-flex-direction: column;
  -ms-flex-direction: column;
  flex-direction: column;
}

.c0 .hamburger-container {
  position: absolute;
  right: 17px;
  top: 11px;
  z-index: 10100;
}

.c0 .host-layout-header {
  display: -webkit-box;
  display: -webkit-flex;
  display: -ms-flexbox;
  display: flex;
  -webkit-align-items: flex-end;
  -webkit-box-align: flex-end;
  -ms-flex-align: flex-end;
  align-items: flex-end;
  height: 50px;
}

.c0 .host-layout-header h2 {
  position: relative;
  bottom: -1px;
  font-size: 1rem;
  line-height: 0.8rem;
}

.c0 .components {
  display: -webkit-box;
  display: -webkit-flex;
  display: -ms-flexbox;
  display: flex;
  height: 100%;
}

.c0 .components .left {
  position: relative;
  display: -webkit-box;
  display: -webkit-flex;
  display: -ms-flexbox;
  display: flex;
  -webkit-flex-direction: column;
  -ms-flex-direction: column;
  flex-direction: column;
  min-width: 200px;
  background-color: var(--primary-background-color);
  box-shadow: 0px 4px 12px rgba(0,0,0,0.25);
}

.c0 .components .right {
  display: -webkit-box;
  display: -webkit-flex;
  display: -ms-flexbox;
  display: flex;
  -webkit-box-flex: 1;
  -webkit-flex-grow: 1;
  -ms-flex-positive: 1;
  flex-grow: 1;
  position: relative;
  min-width: 440px;
}

.c2 {
  width: 100%;
  background-color: var(--secondary-background-color);
  color: var(--secondary-text-color);
}

.c6 {
  display: -webkit-box;
  display: -webkit-flex;
  display: -ms-flexbox;
  display: flex;
}

.c4 {
  display: -webkit-box;
  display: -webkit-flex;
  display: -ms-flexbox;
  display: flex;
  -webkit-flex-direction: column;
  -ms-flex-direction: column;
  flex-direction: column;
  width: 486px;
  padding: 40px;
  background-color: var(--primary-background-color);
  position: relative;
}

.c4 > div:not(:last-child) {
  margin-bottom: 24px;
}

.c5 {
  display: -webkit-box;
  display: -webkit-flex;
  display: -ms-flexbox;
  display: flex;
  -webkit-align-items: center;
  -webkit-box-align: center;
  -ms-flex-align: center;
  align-items: center;
  width: 100%;
}

.c5 .player-info {
  display: -webkit-box;
  display: -webkit-flex;
  display: -ms-flexbox;
  display: flex;
  -webkit-align-items: center;
  -webkit-box-align: center;
  -ms-flex-align: center;
  align-items: center;
  -webkit-box-pack: justify;
  -webkit-justify-content: space-between;
  -ms-flex-pack: justify;
  justify-content: space-between;
  -webkit-flex: 1;
  -ms-flex: 1;
  flex: 1;
  margin: 0 24px 0 26px;
  padding: 7px 0;
  border-bottom: 1px solid #ccc;
  border-radius: 0;
  background-color: var(--primary-background-color);
}

.c5 .player-info h1 {
  text-transform: uppercase;
  font-size: 24px;
  font-weight: 900;
  -webkit-letter-spacing: 1px;
  -moz-letter-spacing: 1px;
  -ms-letter-spacing: 1px;
  letter-spacing: 1px;
  line-height: 1.5em;
  color: var(--primary-text-color);
  -webkit-text-decoration: none;
  text-decoration: none;
}

.c5 .player-info span {
  color: var(--primary-text-color);
  font-size: 24px;
  font-weight: 900;
}

.c7 {
  display: -webkit-box;
  display: -webkit-flex;
  display: -ms-flexbox;
  display: flex;
  -webkit-align-items: center;
  -webkit-box-align: center;
  -ms-flex-align: center;
  align-items: center;
  width: 100%;
}

.c7 .player-info {
  display: -webkit-box;
  display: -webkit-flex;
  display: -ms-flexbox;
  display: flex;
  -webkit-align-items: center;
  -webkit-box-align: center;
  -ms-flex-align: center;
  align-items: center;
  -webkit-box-pack: justify;
  -webkit-justify-content: space-between;
  -ms-flex-pack: justify;
  justify-content: space-between;
  -webkit-flex: 1;
  -ms-flex: 1;
  flex: 1;
  margin: 0 12px 0 26px;
  padding: 7px 12px;
  border-bottom: 0;
  border-radius: 4px;
  background-color: var(--secondary-background-color);
}

.c7 .player-info h1 {
  text-transform: uppercase;
  font-size: 24px;
  font-weight: 900;
  -webkit-letter-spacing: 1px;
  -moz-letter-spacing: 1px;
  -ms-letter-spacing: 1px;
  letter-spacing: 1px;
  line-height: 1.5em;
  color: var(--secondary-text-color);
  -webkit-text-decoration: none;
  text-decoration: none;
}

.c7 .player-info span {
  color: var(--secondary-text-color);
  font-size: 24px;
  font-weight: 900;
}

.c8 {
  display: -webkit-box;
  display: -webkit-flex;
  display: -ms-flexbox;
  display: flex;
  -webkit-flex-direction: column;
  -ms-flex-direction: column;
  flex-direction: column;
  line-height: 29px;
}

.c8 .join-code-title {
  font-size: 18px;
  color: var(--primary-text-color);
  background-color: var(--primary-background-color);
  font-weight: 700;
  width: 97px;
  height: 21px;
}

.c8 .join-code {
  display: -webkit-box;
  display: -webkit-flex;
  display: -ms-flexbox;
  display: flex;
  -webkit-align-items: center;
  -webkit-box-align: center;
  -ms-flex-align: center;
  align-items: center;
  -webkit-box-pack: center;
  -webkit-justify-content: center;
  -ms-flex-pack: center;
  justify-content: center;
  font-size: 56px;
  font-weight: bold;
  color: var(--secondary-text-color);
  background-color: var(--secondary-background-color);
  width: 305px;
  height: 70px;
}

.c10 {
  position: relative;
  width: 390px;
  height: 540px;
  background-color: var(--secondary-background-color);
  color: var(--secondary-text-color);
  border-radius: 18px;
  font-weight: 700;
  font-size: 36px;
  padding: 45px 21px 0 21px;
  box-shadow: 4px 4px 24px rgba(0,0,0,0.3);
}

.c10 .pickText {
  font-size: 24px;
  margin-right: 7px;
}

.c10 .layeredCards {
  position: absolute;
  bottom: 18px;
  left: 18px;
}

.c10 .pickCount {
  position: absolute;
  bottom: 8px;
  right: 21px;
  display: -webkit-box;
  display: -webkit-flex;
  display: -ms-flexbox;
  display: flex;
  -webkit-box-pack: center;
  -webkit-justify-content: center;
  -ms-flex-pack: center;
  justify-content: center;
  -webkit-align-items: center;
  -webkit-box-align: center;
  -ms-flex-align: center;
  align-items: center;
}

.c11 {
  display: -webkit-box;
  display: -webkit-flex;
  display: -ms-flexbox;
  display: flex;
  -webkit-box-pack: center;
  -webkit-justify-content: center;
  -ms-flex-pack: center;
  justify-content: center;
  -webkit-align-items: center;
  -webkit-box-align: center;
  -ms-flex-align: center;
  align-items: center;
  color: var(--primary-text-color);
  background: var(--primary-background-color);
  width: 20px;
  height: 20px;
  border-radius: 50%;
  font-weight: bold;
  font-size: 14px;
}

.c3 {
  display: -webkit-box;
  display: -webkit-flex;
  display: -ms-flexbox;
  display: flex;
  -webkit-flex-direction: column;
  -ms-flex-direction: column;
  flex-direction: column;
  height: 100%;
}

.c3 .player-list-wrapper {
  overflow-x: auto;
  -webkit-box-flex: 1;
  -webkit-flex-grow: 1;
  -ms-flex-positive: 1;
  flex-grow: 1;
}

.c3 .buttons-wrapper {
  display: block;
  margin-bottom: 20px;
}

.c3 .bottom-left-wrapper {
  margin: 20px auto 32px;
  position: relative;
  bottom: 0;
  left: 0;
  right: 0;
}

.c3 .join-code-wrapper {
  display: -webkit-box;
  display: -webkit-flex;
  display: -ms-flexbox;
  display: flex;
  -webkit-box-pack: center;
  -webkit-justify-content: center;
  -ms-flex-pack: center;
  justify-content: center;
}

.c3 .host-pregame-button {
  padding: 0;
  background-color: var(--primary-background-color);
  color: var(--primary-text-color);
  margin: auto auto 12px;
}

.c9 {
  display: -webkit-box;
  display: -webkit-flex;
  display: -ms-flexbox;
  display: flex;
  -webkit-flex-direction: column;
  -ms-flex-direction: column;
  flex-direction: column;
  position: absolute;
  top: 0;
  bottom: 0;
  right: 0;
  left: 0;
}

.c9 .card-display {
  height: 100%;
  margin-top: 64px;
  display: -webkit-box;
  display: -webkit-flex;
  display: -ms-flexbox;
  display: flex;
  -webkit-flex-direction: column;
  -ms-flex-direction: column;
  flex-direction: column;
  -webkit-align-items: center;
  -webkit-box-align: center;
  -ms-flex-align: center;
  align-items: center;
}

.c9 .czar-display {
  font-size: 24px;
  font-weight: 600;
  line-height: 24px;
}

.c9 .czar-display .czar-name {
  margin-bottom: 48px;
  padding-left: 16px;
  font-size: 36px;
  font-weight: 600;
}

@media (min-width:680px) {
  .c0 .host-layout-header {
    height: 130px;
  }

  .c0 .components .left {
    min-width: 420px;
  }

  .c0 .components .host-layout-header h2 {
    font-size: 2.5rem;
    margin-bottom: -4px;
    line-height: 2rem;
  }
}

@media (min-width:1600px) {
  .c0 .components .left {
    min-width: 700px;
  }

  .c0 .components .host-layout-header h2 {
    font-size: 3.5rem;
    margin-bottom: -35px;
    line-height: 7rem;
  }
}

@media (min-width:3200px) {
  .c0 .host-layout-header {
    height: 200px;
  }

  .c0 .components .left {
    min-width: 1100px;
  }

  .c0 .components .host-layout-header h2 {
    font-size: 6rem;
    margin-bottom: -25px;
    line-height: 7rem;
  }
}

<div
  className="c0 primary-background"
>
  <div
    className="hamburger-container"
  >
    <button
      className="c1"
      onClick={[Function]}
    />
  </div>
  <div
    className="components"
  >
    <div
      className="left"
    >
      <header
        className="c2 host-layout-header"
      >
        <h2>
          CARDS OF CAROUSAL
        </h2>
      </header>
      <div
        className="c3"
      >
        <div
          className="player-list-wrapper"
        >
          <div
            className="c4"
            data-testid="playerList-container"
          >
            <div
              className="c5"
              data-testid="row-foo"
            >
              <img
                alt="card icon"
                data-testid="icon-foo"
                src="offset-white-card-stack-icon.svg"
                style={
                  Object {
                    "visibility": "visible",
                  }
                }
              />
              <div
                className="player-info"
              >
                <h1>
                  foo
                </h1>
                <div
                  className="c6"
                >
                  <svg
                    data-testid="tally-svg"
                    fill="none"
                    height="30"
                    viewBox="0 0 42 30"
                    width="42"
                    xmlns="http://www.w3.org/2000/svg"
                  >
                    <g />
                  </svg>
                </div>
              </div>
            </div>
            <div
              className="c7"
              data-testid="row-bar"
            >
              <img
                alt="card icon"
                data-testid="icon-bar"
                src="black-card-icon.svg"
                style={
                  Object {
                    "visibility": "visible",
                  }
                }
              />
              <div
                className="player-info"
              >
                <h1>
                  bar
                </h1>
                <div
                  className="c6"
                >
                  <svg
                    data-testid="tally-svg"
                    fill="none"
                    height="30"
                    viewBox="0 0 42 30"
                    width="42"
                    xmlns="http://www.w3.org/2000/svg"
                  >
                    <g />
                  </svg>
                </div>
              </div>
            </div>
            <div
              className="c5"
              data-testid="row-baz"
            >
              <img
                alt="card icon"
                data-testid="icon-baz"
                src="offset-white-card-stack-icon.svg"
                style={
                  Object {
                    "visibility": "visible",
                  }
                }
              />
              <div
                className="player-info"
              >
                <h1>
                  baz
                </h1>
                <div
                  className="c6"
                >
                  <svg
                    data-testid="tally-svg"
                    fill="none"
                    height="30"
                    viewBox="0 0 42 30"
                    width="42"
                    xmlns="http://www.w3.org/2000/svg"
                  >
                    <g />
                  </svg>
                </div>
              </div>
            </div>
          </div>
        </div>
        <div
          className="bottom-left-wrapper"
        >
          <div
            className="join-code-wrapper"
          >
            <div
              className="c8"
            >
              <p
                className="join-code-title"
              >
                JOIN CODE:
              </p>
              <div
                className="join-code"
                data-testid="join-code"
              >
                <p>
                  ABCD
                </p>
              </div>
            </div>
          </div>
        </div>
      </div>
    </div>
    <div
      className="right"
    >
      <div
        className="c9"
      >
        <div
          className="card-display"
        >
          <div
            className="czar-display"
          >
            <p>
              CZAR:
            </p>
            <p
              className="czar-name"
              data-testid="czar-name"
            >
              BAR
            </p>
          </div>
          <div
            className="c10"
            data-testid="black-card"
          >
            <span>
              Test Black Card
            </span>
            <div
              className="layeredCards"
            >
              <div
                style={
                  Object {
                    "position": "relative",
                  }
                }
              >
                <img
                  alt="offset black and white card stack"
                  data-testid="layerCard"
                  src="cards-stack-offset-dark-icon.svg"
                />
              </div>
            </div>
            <div
              className="pickCount"
            >
              <span
                className="pickText"
              >
                PICK
              </span>
              <div
                className="c11"
              >
                1
              </div>
            </div>
          </div>
        </div>
      </div>
    </div>
  </div>
</div>
`;
