// Jest Snapshot v1, https://goo.gl/fbAQLP

exports[`Footer renders correctly 1`] = `
.c0 {
  display: -webkit-box;
  display: -webkit-flex;
  display: -ms-flexbox;
  display: flex;
  -webkit-flex-direction: column;
  -ms-flex-direction: column;
  flex-direction: column;
  -webkit-box-pack: end;
  -webkit-justify-content: flex-end;
  -ms-flex-pack: end;
  justify-content: flex-end;
  text-align: center;
  height: 50px;
  font-size: 1rem;
  font-weight: 400;
  padding-right: 10px;
  padding-bottom: 4px;
  background-color: var(--secondary-background-color);
  color: var(--secondary-text-color);
}

.c0 p {
  text-align: right;
  position: relative;
  font-size: 13px;
}

.c0 a {
  color: var(--secondary-text-color);
  -webkit-text-decoration: none;
  text-decoration: none;
}

@media (orientation:portrait) {
  .c0 {
    height: 120px;
    background-color: transparent;
    color: var(--accent-text-color);
  }

  .c0 p {
    text-align: center;
    padding-bottom: 32px;
  }

  .c0 a {
    color: var(--accent-text-color);
    display: block;
  }
}

@media (min-width:) {
  .c0 {
    height: 90px;
  }

  .c0 p,
  .c0 a {
    font-size: 20px;
  }
}

@media (min-width:) {
  .c0 {
    height: 110px;
  }

  .c0 p,
  .c0 a {
    font-size: 30px;
  }
}

@media (min-width:) {
  .c0 {
    height: 122px;
    padding-right: 16px;
    padding-bottom: 2px;
  }

  .c0 p,
  .c0 a {
    font-size: 36px;
  }
}

<footer
  className="c0"
  data-testid="footer"
>
  <p>
    Card content thanks to:
     
    <a
      href="https://cardsagainsthumanity.com"
    >
      https://cardsagainsthumanity.com
    </a>
  </p>
  <p>
    Made by Odin students, with love:
     
    <a
      href="https://www.theodinproject.com"
    >
      https://www.theodinproject.com
    </a>
  </p>
</footer>
`;
