// Jest Snapshot v1, https://goo.gl/fbAQLP

exports[`JoinCodeShuffler rendering matches the snapshot 1`] = `
<button
  data-is-enabled={true}
  data-testid="option-button"
  onClick={[Function]}
  type="button"
>
  SHUFFLE JOIN CODE
</button>
`;
